// Jest Snapshot v1, https://goo.gl/fbAQLP

exports[`Component - Header should render the Header snapshot 1`] = `
ShallowWrapper {
  Symbol(enzyme.__root__): [Circular],
  Symbol(enzyme.__unrendered__): <Header />,
  Symbol(enzyme.__renderer__): Object {
    "batchedUpdates": [Function],
    "getNode": [Function],
    "render": [Function],
    "simulateError": [Function],
    "simulateEvent": [Function],
    "unmount": [Function],
  },
  Symbol(enzyme.__node__): Object {
    "instance": null,
    "key": undefined,
    "nodeType": "host",
    "props": Object {
      "children": Array [
        <div
          className="app-header__logo"
        />,
        <div
          className="app-header__banner"
        >
          <h1
            className="app-header__text"
          >
            Ready for NexTrip?
          </h1>
        </div>,
      ],
      "className": "col-sm-12 app-header__content",
    },
    "ref": null,
    "rendered": Array [
      Object {
        "instance": null,
        "key": undefined,
        "nodeType": "host",
        "props": Object {
          "className": "app-header__logo",
        },
        "ref": null,
        "rendered": null,
        "type": "div",
      },
      Object {
        "instance": null,
        "key": undefined,
        "nodeType": "host",
        "props": Object {
          "children": <h1
            className="app-header__text"
          >
            Ready for NexTrip?
          </h1>,
          "className": "app-header__banner",
        },
        "ref": null,
        "rendered": Object {
          "instance": null,
          "key": undefined,
          "nodeType": "host",
          "props": Object {
            "children": "Ready for NexTrip?",
            "className": "app-header__text",
          },
          "ref": null,
          "rendered": "Ready for NexTrip?",
          "type": "h1",
        },
        "type": "div",
      },
    ],
    "type": "div",
  },
  Symbol(enzyme.__nodes__): Array [
    Object {
      "instance": null,
      "key": undefined,
      "nodeType": "host",
      "props": Object {
        "children": Array [
          <div
            className="app-header__logo"
          />,
          <div
            className="app-header__banner"
          >
            <h1
              className="app-header__text"
            >
              Ready for NexTrip?
            </h1>
          </div>,
        ],
        "className": "col-sm-12 app-header__content",
      },
      "ref": null,
      "rendered": Array [
        Object {
          "instance": null,
          "key": undefined,
          "nodeType": "host",
          "props": Object {
            "className": "app-header__logo",
          },
          "ref": null,
          "rendered": null,
          "type": "div",
        },
        Object {
          "instance": null,
          "key": undefined,
          "nodeType": "host",
          "props": Object {
            "children": <h1
              className="app-header__text"
            >
              Ready for NexTrip?
            </h1>,
            "className": "app-header__banner",
          },
          "ref": null,
          "rendered": Object {
            "instance": null,
            "key": undefined,
            "nodeType": "host",
            "props": Object {
              "children": "Ready for NexTrip?",
              "className": "app-header__text",
            },
            "ref": null,
            "rendered": "Ready for NexTrip?",
            "type": "h1",
          },
          "type": "div",
        },
      ],
      "type": "div",
    },
  ],
  Symbol(enzyme.__options__): Object {
    "adapter": ReactSixteenAdapter {
      "options": Object {
        "enableComponentDidUpdateOnSetState": true,
        "lifecycles": Object {
          "componentDidUpdate": Object {
            "onSetState": true,
          },
          "getDerivedStateFromProps": true,
          "getSnapshotBeforeUpdate": true,
          "setState": Object {
            "skipsComponentDidUpdateOnNullish": true,
          },
        },
      },
    },
  },
}
`;
