// Jest Snapshot v1, https://goo.gl/fbAQLP

exports[`Component - Footer should render the Footer snapshot 1`] = `
ShallowWrapper {
  Symbol(enzyme.__root__): [Circular],
  Symbol(enzyme.__unrendered__): <Footer />,
  Symbol(enzyme.__renderer__): Object {
    "batchedUpdates": [Function],
    "getNode": [Function],
    "render": [Function],
    "simulateError": [Function],
    "simulateEvent": [Function],
    "unmount": [Function],
  },
  Symbol(enzyme.__node__): Object {
    "instance": null,
    "key": undefined,
    "nodeType": "host",
    "props": Object {
      "children": Array [
        <p
          className="app-footer__sub-content"
        >
          Metro Transit is a service of the Metropolitan Council.
        </p>,
        <p
          className="app-footer__sub-content1"
        >
          Minneapolis/St. Paul, MN
        </p>,
        <p
          className="app-footer__copy-right"
        >
          © 2019 Metro Transit
        </p>,
      ],
      "className": "col-sm-12 app-footer__content",
    },
    "ref": null,
    "rendered": Array [
      Object {
        "instance": null,
        "key": undefined,
        "nodeType": "host",
        "props": Object {
          "children": "Metro Transit is a service of the Metropolitan Council.",
          "className": "app-footer__sub-content",
        },
        "ref": null,
        "rendered": "Metro Transit is a service of the Metropolitan Council.",
        "type": "p",
      },
      Object {
        "instance": null,
        "key": undefined,
        "nodeType": "host",
        "props": Object {
          "children": "Minneapolis/St. Paul, MN",
          "className": "app-footer__sub-content1",
        },
        "ref": null,
        "rendered": "Minneapolis/St. Paul, MN",
        "type": "p",
      },
      Object {
        "instance": null,
        "key": undefined,
        "nodeType": "host",
        "props": Object {
          "children": "© 2019 Metro Transit",
          "className": "app-footer__copy-right",
        },
        "ref": null,
        "rendered": "© 2019 Metro Transit",
        "type": "p",
      },
    ],
    "type": "div",
  },
  Symbol(enzyme.__nodes__): Array [
    Object {
      "instance": null,
      "key": undefined,
      "nodeType": "host",
      "props": Object {
        "children": Array [
          <p
            className="app-footer__sub-content"
          >
            Metro Transit is a service of the Metropolitan Council.
          </p>,
          <p
            className="app-footer__sub-content1"
          >
            Minneapolis/St. Paul, MN
          </p>,
          <p
            className="app-footer__copy-right"
          >
            © 2019 Metro Transit
          </p>,
        ],
        "className": "col-sm-12 app-footer__content",
      },
      "ref": null,
      "rendered": Array [
        Object {
          "instance": null,
          "key": undefined,
          "nodeType": "host",
          "props": Object {
            "children": "Metro Transit is a service of the Metropolitan Council.",
            "className": "app-footer__sub-content",
          },
          "ref": null,
          "rendered": "Metro Transit is a service of the Metropolitan Council.",
          "type": "p",
        },
        Object {
          "instance": null,
          "key": undefined,
          "nodeType": "host",
          "props": Object {
            "children": "Minneapolis/St. Paul, MN",
            "className": "app-footer__sub-content1",
          },
          "ref": null,
          "rendered": "Minneapolis/St. Paul, MN",
          "type": "p",
        },
        Object {
          "instance": null,
          "key": undefined,
          "nodeType": "host",
          "props": Object {
            "children": "© 2019 Metro Transit",
            "className": "app-footer__copy-right",
          },
          "ref": null,
          "rendered": "© 2019 Metro Transit",
          "type": "p",
        },
      ],
      "type": "div",
    },
  ],
  Symbol(enzyme.__options__): Object {
    "adapter": ReactSixteenAdapter {
      "options": Object {
        "enableComponentDidUpdateOnSetState": true,
        "lifecycles": Object {
          "componentDidUpdate": Object {
            "onSetState": true,
          },
          "getDerivedStateFromProps": true,
          "getSnapshotBeforeUpdate": true,
          "setState": Object {
            "skipsComponentDidUpdateOnNullish": true,
          },
        },
      },
    },
  },
}
`;
