// Jest Snapshot v1, https://goo.gl/fbAQLP

exports[`Component - Stops should render the Stops snapshot 1`] = `
ShallowWrapper {
  Symbol(enzyme.__root__): [Circular],
  Symbol(enzyme.__unrendered__): <Stops
    isGetStopsSuccessful={true}
    selectedRoute="abc"
    stops={
      Immutable.List [
        Immutable.Map {
          "PlaceCode": "PlaceCode1",
          "Description": "Description",
        },
        Immutable.Map {
          "PlaceCode": "PlaceCode2",
          "Description": "Description11",
        },
        Immutable.Map {
          "PlaceCode": "PlaceCode3",
          "Description": "Description22",
        },
        Immutable.Map {
          "PlaceCode": "PlaceCode4",
          "Description": "Description",
        },
        Immutable.Map {
          "PlaceCode": "PlaceCode5",
          "Description": "Description11",
        },
        Immutable.Map {
          "PlaceCode": "PlaceCode6",
          "Description": "Description22",
        },
      ]
    }
  />,
  Symbol(enzyme.__renderer__): Object {
    "batchedUpdates": [Function],
    "getNode": [Function],
    "render": [Function],
    "simulateError": [Function],
    "simulateEvent": [Function],
    "unmount": [Function],
  },
  Symbol(enzyme.__node__): Object {
    "instance": null,
    "key": undefined,
    "nodeType": "function",
    "props": Object {
      "children": <div
        className="stops-container"
      >
        <div
          className="stops-container__info"
        >
          <h2
            className="stops-container__title"
          >
            Stops
          </h2>
          <div>
            RouteId: 
            abc
          </div>
          <div>
            DirectionId: 
          </div>
        </div>
        Immutable.List [
          <div
            className="stops-container__list"
            role="list"
          >
            <div
              className="stops-container__stop-description"
            >
              <span>
                <strong>
                  PlaceCode1
                   
                </strong>
              </span>
              <span>
                Description
              </span>
            </div>
          </div>,
          <div
            className="stops-container__list"
            role="list"
          >
            <div
              className="stops-container__stop-description"
            >
              <span>
                <strong>
                  PlaceCode2
                   
                </strong>
              </span>
              <span>
                Description11
              </span>
            </div>
          </div>,
          <div
            className="stops-container__list"
            role="list"
          >
            <div
              className="stops-container__stop-description"
            >
              <span>
                <strong>
                  PlaceCode3
                   
                </strong>
              </span>
              <span>
                Description22
              </span>
            </div>
          </div>,
          <div
            className="stops-container__list"
            role="list"
          >
            <div
              className="stops-container__stop-description"
            >
              <span>
                <strong>
                  PlaceCode4
                   
                </strong>
              </span>
              <span>
                Description
              </span>
            </div>
          </div>,
        ]
        <button
          className="stops-container__button"
          onClick={[Function]}
        >
          <span
            className="stops-container__closed"
          />
          Show 
          more
           Stops
        </button>
      </div>,
    },
    "ref": null,
    "rendered": Object {
      "instance": null,
      "key": undefined,
      "nodeType": "host",
      "props": Object {
        "children": Array [
          <div
            className="stops-container__info"
          >
            <h2
              className="stops-container__title"
            >
              Stops
            </h2>
            <div>
              RouteId: 
              abc
            </div>
            <div>
              DirectionId: 
            </div>
          </div>,
          Immutable.List [
            <div
              className="stops-container__list"
              role="list"
            >
              <div
                className="stops-container__stop-description"
              >
                <span>
                  <strong>
                    PlaceCode1
                     
                  </strong>
                </span>
                <span>
                  Description
                </span>
              </div>
            </div>,
            <div
              className="stops-container__list"
              role="list"
            >
              <div
                className="stops-container__stop-description"
              >
                <span>
                  <strong>
                    PlaceCode2
                     
                  </strong>
                </span>
                <span>
                  Description11
                </span>
              </div>
            </div>,
            <div
              className="stops-container__list"
              role="list"
            >
              <div
                className="stops-container__stop-description"
              >
                <span>
                  <strong>
                    PlaceCode3
                     
                  </strong>
                </span>
                <span>
                  Description22
                </span>
              </div>
            </div>,
            <div
              className="stops-container__list"
              role="list"
            >
              <div
                className="stops-container__stop-description"
              >
                <span>
                  <strong>
                    PlaceCode4
                     
                  </strong>
                </span>
                <span>
                  Description
                </span>
              </div>
            </div>,
          ],
          <button
            className="stops-container__button"
            onClick={[Function]}
          >
            <span
              className="stops-container__closed"
            />
            Show 
            more
             Stops
          </button>,
        ],
        "className": "stops-container",
      },
      "ref": null,
      "rendered": Array [
        Object {
          "instance": null,
          "key": undefined,
          "nodeType": "host",
          "props": Object {
            "children": Array [
              <h2
                className="stops-container__title"
              >
                Stops
              </h2>,
              <div>
                RouteId: 
                abc
              </div>,
              <div>
                DirectionId: 
              </div>,
            ],
            "className": "stops-container__info",
          },
          "ref": null,
          "rendered": Array [
            Object {
              "instance": null,
              "key": undefined,
              "nodeType": "host",
              "props": Object {
                "children": "Stops",
                "className": "stops-container__title",
              },
              "ref": null,
              "rendered": "Stops",
              "type": "h2",
            },
            Object {
              "instance": null,
              "key": undefined,
              "nodeType": "host",
              "props": Object {
                "children": Array [
                  "RouteId: ",
                  "abc",
                ],
              },
              "ref": null,
              "rendered": Array [
                "RouteId: ",
                "abc",
              ],
              "type": "div",
            },
            Object {
              "instance": null,
              "key": undefined,
              "nodeType": "host",
              "props": Object {
                "children": Array [
                  "DirectionId: ",
                  undefined,
                ],
              },
              "ref": null,
              "rendered": Array [
                "DirectionId: ",
                undefined,
              ],
              "type": "div",
            },
          ],
          "type": "div",
        },
        Object {
          "instance": null,
          "key": "PlaceCode1",
          "nodeType": "host",
          "props": Object {
            "children": <div
              className="stops-container__stop-description"
            >
              <span>
                <strong>
                  PlaceCode1
                   
                </strong>
              </span>
              <span>
                Description
              </span>
            </div>,
            "className": "stops-container__list",
            "role": "list",
          },
          "ref": null,
          "rendered": Object {
            "instance": null,
            "key": undefined,
            "nodeType": "host",
            "props": Object {
              "children": Array [
                <span>
                  <strong>
                    PlaceCode1
                     
                  </strong>
                </span>,
                <span>
                  Description
                </span>,
              ],
              "className": "stops-container__stop-description",
            },
            "ref": null,
            "rendered": Array [
              Object {
                "instance": null,
                "key": undefined,
                "nodeType": "host",
                "props": Object {
                  "children": <strong>
                    PlaceCode1
                     
                  </strong>,
                },
                "ref": null,
                "rendered": Object {
                  "instance": null,
                  "key": undefined,
                  "nodeType": "host",
                  "props": Object {
                    "children": Array [
                      "PlaceCode1",
                      " ",
                    ],
                  },
                  "ref": null,
                  "rendered": Array [
                    "PlaceCode1",
                    " ",
                  ],
                  "type": "strong",
                },
                "type": "span",
              },
              Object {
                "instance": null,
                "key": undefined,
                "nodeType": "host",
                "props": Object {
                  "children": "Description",
                },
                "ref": null,
                "rendered": "Description",
                "type": "span",
              },
            ],
            "type": "div",
          },
          "type": "div",
        },
        Object {
          "instance": null,
          "key": "PlaceCode2",
          "nodeType": "host",
          "props": Object {
            "children": <div
              className="stops-container__stop-description"
            >
              <span>
                <strong>
                  PlaceCode2
                   
                </strong>
              </span>
              <span>
                Description11
              </span>
            </div>,
            "className": "stops-container__list",
            "role": "list",
          },
          "ref": null,
          "rendered": Object {
            "instance": null,
            "key": undefined,
            "nodeType": "host",
            "props": Object {
              "children": Array [
                <span>
                  <strong>
                    PlaceCode2
                     
                  </strong>
                </span>,
                <span>
                  Description11
                </span>,
              ],
              "className": "stops-container__stop-description",
            },
            "ref": null,
            "rendered": Array [
              Object {
                "instance": null,
                "key": undefined,
                "nodeType": "host",
                "props": Object {
                  "children": <strong>
                    PlaceCode2
                     
                  </strong>,
                },
                "ref": null,
                "rendered": Object {
                  "instance": null,
                  "key": undefined,
                  "nodeType": "host",
                  "props": Object {
                    "children": Array [
                      "PlaceCode2",
                      " ",
                    ],
                  },
                  "ref": null,
                  "rendered": Array [
                    "PlaceCode2",
                    " ",
                  ],
                  "type": "strong",
                },
                "type": "span",
              },
              Object {
                "instance": null,
                "key": undefined,
                "nodeType": "host",
                "props": Object {
                  "children": "Description11",
                },
                "ref": null,
                "rendered": "Description11",
                "type": "span",
              },
            ],
            "type": "div",
          },
          "type": "div",
        },
        Object {
          "instance": null,
          "key": "PlaceCode3",
          "nodeType": "host",
          "props": Object {
            "children": <div
              className="stops-container__stop-description"
            >
              <span>
                <strong>
                  PlaceCode3
                   
                </strong>
              </span>
              <span>
                Description22
              </span>
            </div>,
            "className": "stops-container__list",
            "role": "list",
          },
          "ref": null,
          "rendered": Object {
            "instance": null,
            "key": undefined,
            "nodeType": "host",
            "props": Object {
              "children": Array [
                <span>
                  <strong>
                    PlaceCode3
                     
                  </strong>
                </span>,
                <span>
                  Description22
                </span>,
              ],
              "className": "stops-container__stop-description",
            },
            "ref": null,
            "rendered": Array [
              Object {
                "instance": null,
                "key": undefined,
                "nodeType": "host",
                "props": Object {
                  "children": <strong>
                    PlaceCode3
                     
                  </strong>,
                },
                "ref": null,
                "rendered": Object {
                  "instance": null,
                  "key": undefined,
                  "nodeType": "host",
                  "props": Object {
                    "children": Array [
                      "PlaceCode3",
                      " ",
                    ],
                  },
                  "ref": null,
                  "rendered": Array [
                    "PlaceCode3",
                    " ",
                  ],
                  "type": "strong",
                },
                "type": "span",
              },
              Object {
                "instance": null,
                "key": undefined,
                "nodeType": "host",
                "props": Object {
                  "children": "Description22",
                },
                "ref": null,
                "rendered": "Description22",
                "type": "span",
              },
            ],
            "type": "div",
          },
          "type": "div",
        },
        Object {
          "instance": null,
          "key": "PlaceCode4",
          "nodeType": "host",
          "props": Object {
            "children": <div
              className="stops-container__stop-description"
            >
              <span>
                <strong>
                  PlaceCode4
                   
                </strong>
              </span>
              <span>
                Description
              </span>
            </div>,
            "className": "stops-container__list",
            "role": "list",
          },
          "ref": null,
          "rendered": Object {
            "instance": null,
            "key": undefined,
            "nodeType": "host",
            "props": Object {
              "children": Array [
                <span>
                  <strong>
                    PlaceCode4
                     
                  </strong>
                </span>,
                <span>
                  Description
                </span>,
              ],
              "className": "stops-container__stop-description",
            },
            "ref": null,
            "rendered": Array [
              Object {
                "instance": null,
                "key": undefined,
                "nodeType": "host",
                "props": Object {
                  "children": <strong>
                    PlaceCode4
                     
                  </strong>,
                },
                "ref": null,
                "rendered": Object {
                  "instance": null,
                  "key": undefined,
                  "nodeType": "host",
                  "props": Object {
                    "children": Array [
                      "PlaceCode4",
                      " ",
                    ],
                  },
                  "ref": null,
                  "rendered": Array [
                    "PlaceCode4",
                    " ",
                  ],
                  "type": "strong",
                },
                "type": "span",
              },
              Object {
                "instance": null,
                "key": undefined,
                "nodeType": "host",
                "props": Object {
                  "children": "Description",
                },
                "ref": null,
                "rendered": "Description",
                "type": "span",
              },
            ],
            "type": "div",
          },
          "type": "div",
        },
        Object {
          "instance": null,
          "key": undefined,
          "nodeType": "host",
          "props": Object {
            "children": Array [
              <span
                className="stops-container__closed"
              />,
              "Show ",
              "more",
              " Stops",
            ],
            "className": "stops-container__button",
            "onClick": [Function],
          },
          "ref": null,
          "rendered": Array [
            Object {
              "instance": null,
              "key": undefined,
              "nodeType": "host",
              "props": Object {
                "className": "stops-container__closed",
              },
              "ref": null,
              "rendered": null,
              "type": "span",
            },
            "Show ",
            "more",
            " Stops",
          ],
          "type": "button",
        },
      ],
      "type": "div",
    },
    "type": Symbol(react.fragment),
  },
  Symbol(enzyme.__nodes__): Array [
    Object {
      "instance": null,
      "key": undefined,
      "nodeType": "function",
      "props": Object {
        "children": <div
          className="stops-container"
        >
          <div
            className="stops-container__info"
          >
            <h2
              className="stops-container__title"
            >
              Stops
            </h2>
            <div>
              RouteId: 
              abc
            </div>
            <div>
              DirectionId: 
            </div>
          </div>
          Immutable.List [
            <div
              className="stops-container__list"
              role="list"
            >
              <div
                className="stops-container__stop-description"
              >
                <span>
                  <strong>
                    PlaceCode1
                     
                  </strong>
                </span>
                <span>
                  Description
                </span>
              </div>
            </div>,
            <div
              className="stops-container__list"
              role="list"
            >
              <div
                className="stops-container__stop-description"
              >
                <span>
                  <strong>
                    PlaceCode2
                     
                  </strong>
                </span>
                <span>
                  Description11
                </span>
              </div>
            </div>,
            <div
              className="stops-container__list"
              role="list"
            >
              <div
                className="stops-container__stop-description"
              >
                <span>
                  <strong>
                    PlaceCode3
                     
                  </strong>
                </span>
                <span>
                  Description22
                </span>
              </div>
            </div>,
            <div
              className="stops-container__list"
              role="list"
            >
              <div
                className="stops-container__stop-description"
              >
                <span>
                  <strong>
                    PlaceCode4
                     
                  </strong>
                </span>
                <span>
                  Description
                </span>
              </div>
            </div>,
          ]
          <button
            className="stops-container__button"
            onClick={[Function]}
          >
            <span
              className="stops-container__closed"
            />
            Show 
            more
             Stops
          </button>
        </div>,
      },
      "ref": null,
      "rendered": Object {
        "instance": null,
        "key": undefined,
        "nodeType": "host",
        "props": Object {
          "children": Array [
            <div
              className="stops-container__info"
            >
              <h2
                className="stops-container__title"
              >
                Stops
              </h2>
              <div>
                RouteId: 
                abc
              </div>
              <div>
                DirectionId: 
              </div>
            </div>,
            Immutable.List [
              <div
                className="stops-container__list"
                role="list"
              >
                <div
                  className="stops-container__stop-description"
                >
                  <span>
                    <strong>
                      PlaceCode1
                       
                    </strong>
                  </span>
                  <span>
                    Description
                  </span>
                </div>
              </div>,
              <div
                className="stops-container__list"
                role="list"
              >
                <div
                  className="stops-container__stop-description"
                >
                  <span>
                    <strong>
                      PlaceCode2
                       
                    </strong>
                  </span>
                  <span>
                    Description11
                  </span>
                </div>
              </div>,
              <div
                className="stops-container__list"
                role="list"
              >
                <div
                  className="stops-container__stop-description"
                >
                  <span>
                    <strong>
                      PlaceCode3
                       
                    </strong>
                  </span>
                  <span>
                    Description22
                  </span>
                </div>
              </div>,
              <div
                className="stops-container__list"
                role="list"
              >
                <div
                  className="stops-container__stop-description"
                >
                  <span>
                    <strong>
                      PlaceCode4
                       
                    </strong>
                  </span>
                  <span>
                    Description
                  </span>
                </div>
              </div>,
            ],
            <button
              className="stops-container__button"
              onClick={[Function]}
            >
              <span
                className="stops-container__closed"
              />
              Show 
              more
               Stops
            </button>,
          ],
          "className": "stops-container",
        },
        "ref": null,
        "rendered": Array [
          Object {
            "instance": null,
            "key": undefined,
            "nodeType": "host",
            "props": Object {
              "children": Array [
                <h2
                  className="stops-container__title"
                >
                  Stops
                </h2>,
                <div>
                  RouteId: 
                  abc
                </div>,
                <div>
                  DirectionId: 
                </div>,
              ],
              "className": "stops-container__info",
            },
            "ref": null,
            "rendered": Array [
              Object {
                "instance": null,
                "key": undefined,
                "nodeType": "host",
                "props": Object {
                  "children": "Stops",
                  "className": "stops-container__title",
                },
                "ref": null,
                "rendered": "Stops",
                "type": "h2",
              },
              Object {
                "instance": null,
                "key": undefined,
                "nodeType": "host",
                "props": Object {
                  "children": Array [
                    "RouteId: ",
                    "abc",
                  ],
                },
                "ref": null,
                "rendered": Array [
                  "RouteId: ",
                  "abc",
                ],
                "type": "div",
              },
              Object {
                "instance": null,
                "key": undefined,
                "nodeType": "host",
                "props": Object {
                  "children": Array [
                    "DirectionId: ",
                    undefined,
                  ],
                },
                "ref": null,
                "rendered": Array [
                  "DirectionId: ",
                  undefined,
                ],
                "type": "div",
              },
            ],
            "type": "div",
          },
          Object {
            "instance": null,
            "key": "PlaceCode1",
            "nodeType": "host",
            "props": Object {
              "children": <div
                className="stops-container__stop-description"
              >
                <span>
                  <strong>
                    PlaceCode1
                     
                  </strong>
                </span>
                <span>
                  Description
                </span>
              </div>,
              "className": "stops-container__list",
              "role": "list",
            },
            "ref": null,
            "rendered": Object {
              "instance": null,
              "key": undefined,
              "nodeType": "host",
              "props": Object {
                "children": Array [
                  <span>
                    <strong>
                      PlaceCode1
                       
                    </strong>
                  </span>,
                  <span>
                    Description
                  </span>,
                ],
                "className": "stops-container__stop-description",
              },
              "ref": null,
              "rendered": Array [
                Object {
                  "instance": null,
                  "key": undefined,
                  "nodeType": "host",
                  "props": Object {
                    "children": <strong>
                      PlaceCode1
                       
                    </strong>,
                  },
                  "ref": null,
                  "rendered": Object {
                    "instance": null,
                    "key": undefined,
                    "nodeType": "host",
                    "props": Object {
                      "children": Array [
                        "PlaceCode1",
                        " ",
                      ],
                    },
                    "ref": null,
                    "rendered": Array [
                      "PlaceCode1",
                      " ",
                    ],
                    "type": "strong",
                  },
                  "type": "span",
                },
                Object {
                  "instance": null,
                  "key": undefined,
                  "nodeType": "host",
                  "props": Object {
                    "children": "Description",
                  },
                  "ref": null,
                  "rendered": "Description",
                  "type": "span",
                },
              ],
              "type": "div",
            },
            "type": "div",
          },
          Object {
            "instance": null,
            "key": "PlaceCode2",
            "nodeType": "host",
            "props": Object {
              "children": <div
                className="stops-container__stop-description"
              >
                <span>
                  <strong>
                    PlaceCode2
                     
                  </strong>
                </span>
                <span>
                  Description11
                </span>
              </div>,
              "className": "stops-container__list",
              "role": "list",
            },
            "ref": null,
            "rendered": Object {
              "instance": null,
              "key": undefined,
              "nodeType": "host",
              "props": Object {
                "children": Array [
                  <span>
                    <strong>
                      PlaceCode2
                       
                    </strong>
                  </span>,
                  <span>
                    Description11
                  </span>,
                ],
                "className": "stops-container__stop-description",
              },
              "ref": null,
              "rendered": Array [
                Object {
                  "instance": null,
                  "key": undefined,
                  "nodeType": "host",
                  "props": Object {
                    "children": <strong>
                      PlaceCode2
                       
                    </strong>,
                  },
                  "ref": null,
                  "rendered": Object {
                    "instance": null,
                    "key": undefined,
                    "nodeType": "host",
                    "props": Object {
                      "children": Array [
                        "PlaceCode2",
                        " ",
                      ],
                    },
                    "ref": null,
                    "rendered": Array [
                      "PlaceCode2",
                      " ",
                    ],
                    "type": "strong",
                  },
                  "type": "span",
                },
                Object {
                  "instance": null,
                  "key": undefined,
                  "nodeType": "host",
                  "props": Object {
                    "children": "Description11",
                  },
                  "ref": null,
                  "rendered": "Description11",
                  "type": "span",
                },
              ],
              "type": "div",
            },
            "type": "div",
          },
          Object {
            "instance": null,
            "key": "PlaceCode3",
            "nodeType": "host",
            "props": Object {
              "children": <div
                className="stops-container__stop-description"
              >
                <span>
                  <strong>
                    PlaceCode3
                     
                  </strong>
                </span>
                <span>
                  Description22
                </span>
              </div>,
              "className": "stops-container__list",
              "role": "list",
            },
            "ref": null,
            "rendered": Object {
              "instance": null,
              "key": undefined,
              "nodeType": "host",
              "props": Object {
                "children": Array [
                  <span>
                    <strong>
                      PlaceCode3
                       
                    </strong>
                  </span>,
                  <span>
                    Description22
                  </span>,
                ],
                "className": "stops-container__stop-description",
              },
              "ref": null,
              "rendered": Array [
                Object {
                  "instance": null,
                  "key": undefined,
                  "nodeType": "host",
                  "props": Object {
                    "children": <strong>
                      PlaceCode3
                       
                    </strong>,
                  },
                  "ref": null,
                  "rendered": Object {
                    "instance": null,
                    "key": undefined,
                    "nodeType": "host",
                    "props": Object {
                      "children": Array [
                        "PlaceCode3",
                        " ",
                      ],
                    },
                    "ref": null,
                    "rendered": Array [
                      "PlaceCode3",
                      " ",
                    ],
                    "type": "strong",
                  },
                  "type": "span",
                },
                Object {
                  "instance": null,
                  "key": undefined,
                  "nodeType": "host",
                  "props": Object {
                    "children": "Description22",
                  },
                  "ref": null,
                  "rendered": "Description22",
                  "type": "span",
                },
              ],
              "type": "div",
            },
            "type": "div",
          },
          Object {
            "instance": null,
            "key": "PlaceCode4",
            "nodeType": "host",
            "props": Object {
              "children": <div
                className="stops-container__stop-description"
              >
                <span>
                  <strong>
                    PlaceCode4
                     
                  </strong>
                </span>
                <span>
                  Description
                </span>
              </div>,
              "className": "stops-container__list",
              "role": "list",
            },
            "ref": null,
            "rendered": Object {
              "instance": null,
              "key": undefined,
              "nodeType": "host",
              "props": Object {
                "children": Array [
                  <span>
                    <strong>
                      PlaceCode4
                       
                    </strong>
                  </span>,
                  <span>
                    Description
                  </span>,
                ],
                "className": "stops-container__stop-description",
              },
              "ref": null,
              "rendered": Array [
                Object {
                  "instance": null,
                  "key": undefined,
                  "nodeType": "host",
                  "props": Object {
                    "children": <strong>
                      PlaceCode4
                       
                    </strong>,
                  },
                  "ref": null,
                  "rendered": Object {
                    "instance": null,
                    "key": undefined,
                    "nodeType": "host",
                    "props": Object {
                      "children": Array [
                        "PlaceCode4",
                        " ",
                      ],
                    },
                    "ref": null,
                    "rendered": Array [
                      "PlaceCode4",
                      " ",
                    ],
                    "type": "strong",
                  },
                  "type": "span",
                },
                Object {
                  "instance": null,
                  "key": undefined,
                  "nodeType": "host",
                  "props": Object {
                    "children": "Description",
                  },
                  "ref": null,
                  "rendered": "Description",
                  "type": "span",
                },
              ],
              "type": "div",
            },
            "type": "div",
          },
          Object {
            "instance": null,
            "key": undefined,
            "nodeType": "host",
            "props": Object {
              "children": Array [
                <span
                  className="stops-container__closed"
                />,
                "Show ",
                "more",
                " Stops",
              ],
              "className": "stops-container__button",
              "onClick": [Function],
            },
            "ref": null,
            "rendered": Array [
              Object {
                "instance": null,
                "key": undefined,
                "nodeType": "host",
                "props": Object {
                  "className": "stops-container__closed",
                },
                "ref": null,
                "rendered": null,
                "type": "span",
              },
              "Show ",
              "more",
              " Stops",
            ],
            "type": "button",
          },
        ],
        "type": "div",
      },
      "type": Symbol(react.fragment),
    },
  ],
  Symbol(enzyme.__options__): Object {
    "adapter": ReactSixteenAdapter {
      "options": Object {
        "enableComponentDidUpdateOnSetState": true,
        "lifecycles": Object {
          "componentDidUpdate": Object {
            "onSetState": true,
          },
          "getDerivedStateFromProps": true,
          "getSnapshotBeforeUpdate": true,
          "setState": Object {
            "skipsComponentDidUpdateOnNullish": true,
          },
        },
      },
    },
  },
}
`;
